I'm sorry, but errors were detected in your script. Please correct the
errors listed below, and try again.


File "game/story/bridgescene.rpy", line 143: Line is indented, but the preceding with statement statement does not expect a block. Please check this line's indentation.
    python:
    ^

Ren'Py Version: Ren'Py 6.99.12.2.2029
